
> @tnc-trading/shared@1.0.0 typecheck /Users/yastec/devfactory/tnc-burkina/packages/shared
> tsc --noEmit

Version 5.9.3
tsc: The TypeScript Compiler - Version 5.9.3

COMMON COMMANDS

  tsc
  Compiles the current project (tsconfig.json in the working directory.)

  tsc app.ts util.ts
  Ignoring tsconfig.json, compiles the specified files with default compiler options.

  tsc -b
  Build a composite project in the working directory.

  tsc --init
  Creates a tsconfig.json with the recommended settings in the working directory.

  tsc -p ./path/to/tsconfig.json
  Compiles the TypeScript project located at the specified path.

  tsc --help --all
  An expanded version of this information, showing all possible compiler options

  tsc --noEmit
  tsc --target esnext
  Compiles the current project, with additional settings.

COMMAND LINE FLAGS

--help, -h
Print this message.

--watch, -w
Watch input files.

--all
Show all compiler options.

--version, -v
Print the compiler's version.

--init
Initializes a TypeScript project and creates a tsconfig.json file.

--project, -p
Compile the project given the path to its configuration file, or to a folder with a 'tsconfig.json'.

--showConfig
Print the final configuration instead of building.

--build, -b
Build one or more projects and their dependencies, if out of date

COMMON COMPILER OPTIONS

--pretty
Enable color and formatting in TypeScript's output to make compiler errors easier to read.
type: boolean
default: true

--declaration, -d
Generate .d.ts files from TypeScript and JavaScript files in your project.
type: boolean
default: `false`, unless `composite` is set

