
> @tnc-trading/web@0.1.0 build /Users/yastec/devfactory/tnc-burkina/apps/web
> vite build

vite v5.4.21 building for production...
transforming...
✓ 154 modules transformed.
rendering chunks...
computing gzip size...
dist/registerSW.js                                           0.13 kB
dist/manifest.webmanifest                                    0.36 kB
dist/index.html                                              0.91 kB │ gzip:  0.47 kB
dist/assets/inter-vietnamese-wght-normal-CBcvBZtf.woff2     10.25 kB
dist/assets/inter-greek-ext-wght-normal-DlzME5K_.woff2      11.23 kB
dist/assets/inter-cyrillic-wght-normal-DqGufNeO.woff2       18.75 kB
dist/assets/inter-greek-wght-normal-CkhJZR-_.woff2          19.00 kB
dist/assets/inter-cyrillic-ext-wght-normal-BOeWTOD4.woff2   25.96 kB
dist/assets/inter-latin-wght-normal-Dx4kXJAl.woff2          48.26 kB
dist/assets/inter-latin-ext-wght-normal-DO1Apj_S.woff2      85.07 kB
dist/assets/index-CcT8ezit.css                              60.75 kB │ gzip:  9.59 kB
dist/assets/ForgotPassword-HKONNjm2.js                       2.47 kB │ gzip:  1.11 kB
dist/assets/Login-Gkw8_BYx.js                                2.78 kB │ gzip:  1.15 kB
dist/assets/formatters-CNtAO-v0.js                           4.30 kB │ gzip:  1.75 kB
dist/assets/VerifyEmail-Dsb36CMU.js                          4.64 kB │ gzip:  1.43 kB
dist/assets/ResetPassword-DLLsRCts.js                        5.03 kB │ gzip:  1.68 kB
dist/assets/api-B8RVZiyD.js                                  7.34 kB │ gzip:  2.02 kB
dist/assets/VerifyCertificate-CkCzY014.js                    7.92 kB │ gzip:  2.48 kB
dist/assets/Transactions-B-Yuqhtw.js                         8.36 kB │ gzip:  2.74 kB
dist/assets/Register-CPxJwoK1.js                             9.46 kB │ gzip:  3.08 kB
dist/assets/useQuery-B3GndIIh.js                            10.43 kB │ gzip:  3.70 kB
dist/assets/Dashboard-C2twELQd.js                           12.18 kB │ gzip:  3.35 kB
dist/assets/Analytics-D4707_KW.js                           16.84 kB │ gzip:  4.69 kB
dist/assets/Marketplace-aov4A2Dr.js                         17.74 kB │ gzip:  4.58 kB
dist/assets/KYC-DZLlXoo0.js                                 19.65 kB │ gzip:  4.21 kB
dist/assets/Profile-BYd-c_oX.js                             21.71 kB │ gzip:  5.08 kB
dist/assets/Settings-CxpysekI.js                            26.83 kB │ gzip:  5.49 kB
dist/assets/Wallet-CNMYYyAJ.js                              30.70 kB │ gzip:  7.42 kB
dist/assets/PriceChart-C_mQQ_aE.js                         171.36 kB │ gzip: 54.90 kB
dist/assets/index-w81Ktx1S.js                              252.47 kB │ gzip: 80.09 kB
✓ built in 32.80s

PWA v0.17.5
mode      generateSW
precache  23 entries (678.38 KiB)
files generated
  dist/sw.js
  dist/workbox-01f28f5c.js
